  Determining projects to restore...
  All projects are up-to-date for restore.
C:\Program Files\dotnet\sdk\8.0.300\Microsoft.Common.CurrentVersion.targets(5270,5): warning MSB3026: Could not copy "C:\Users\Adrian Vega\Documents\Repositories\finance-tracker\Fintrack.Server\obj\Debug\net8.0\apphost.exe" to "bin\Debug\net8.0\Fintrack.Server.exe". Beginning retry 1 in 1000ms. The process cannot access the file 'C:\Users\Adrian Vega\Documents\Repositories\finance-tracker\Fintrack.Server\bin\Debug\net8.0\Fintrack.Server.exe' because it is being used by another process. The file is locked by: "Fintrack.Server (5972)" [C:\Users\Adrian Vega\Documents\Repositories\finance-tracker\Fintrack.Server\Fintrack.Server.csproj]
C:\Program Files\dotnet\sdk\8.0.300\Microsoft.Common.CurrentVersion.targets(5270,5): warning MSB3026: Could not copy "C:\Users\Adrian Vega\Documents\Repositories\finance-tracker\Fintrack.Server\obj\Debug\net8.0\apphost.exe" to "bin\Debug\net8.0\Fintrack.Server.exe". Beginning retry 2 in 1000ms. The process cannot access the file 'C:\Users\Adrian Vega\Documents\Repositories\finance-tracker\Fintrack.Server\bin\Debug\net8.0\Fintrack.Server.exe' because it is being used by another process. The file is locked by: "Fintrack.Server (5972)" [C:\Users\Adrian Vega\Documents\Repositories\finance-tracker\Fintrack.Server\Fintrack.Server.csproj]
C:\Program Files\dotnet\sdk\8.0.300\Microsoft.Common.CurrentVersion.targets(5270,5): warning MSB3026: Could not copy "C:\Users\Adrian Vega\Documents\Repositories\finance-tracker\Fintrack.Server\obj\Debug\net8.0\apphost.exe" to "bin\Debug\net8.0\Fintrack.Server.exe". Beginning retry 3 in 1000ms. The process cannot access the file 'C:\Users\Adrian Vega\Documents\Repositories\finance-tracker\Fintrack.Server\bin\Debug\net8.0\Fintrack.Server.exe' because it is being used by another process. The file is locked by: "Fintrack.Server (5972)" [C:\Users\Adrian Vega\Documents\Repositories\finance-tracker\Fintrack.Server\Fintrack.Server.csproj]
C:\Program Files\dotnet\sdk\8.0.300\Microsoft.Common.CurrentVersion.targets(5270,5): warning MSB3026: Could not copy "C:\Users\Adrian Vega\Documents\Repositories\finance-tracker\Fintrack.Server\obj\Debug\net8.0\apphost.exe" to "bin\Debug\net8.0\Fintrack.Server.exe". Beginning retry 4 in 1000ms. The process cannot access the file 'C:\Users\Adrian Vega\Documents\Repositories\finance-tracker\Fintrack.Server\bin\Debug\net8.0\Fintrack.Server.exe' because it is being used by another process. The file is locked by: "Fintrack.Server (5972)" [C:\Users\Adrian Vega\Documents\Repositories\finance-tracker\Fintrack.Server\Fintrack.Server.csproj]
C:\Program Files\dotnet\sdk\8.0.300\Microsoft.Common.CurrentVersion.targets(5270,5): warning MSB3026: Could not copy "C:\Users\Adrian Vega\Documents\Repositories\finance-tracker\Fintrack.Server\obj\Debug\net8.0\apphost.exe" to "bin\Debug\net8.0\Fintrack.Server.exe". Beginning retry 5 in 1000ms. The process cannot access the file 'C:\Users\Adrian Vega\Documents\Repositories\finance-tracker\Fintrack.Server\bin\Debug\net8.0\Fintrack.Server.exe' because it is being used by another process. The file is locked by: "Fintrack.Server (5972)" [C:\Users\Adrian Vega\Documents\Repositories\finance-tracker\Fintrack.Server\Fintrack.Server.csproj]
C:\Program Files\dotnet\sdk\8.0.300\Microsoft.Common.CurrentVersion.targets(5270,5): warning MSB3026: Could not copy "C:\Users\Adrian Vega\Documents\Repositories\finance-tracker\Fintrack.Server\obj\Debug\net8.0\apphost.exe" to "bin\Debug\net8.0\Fintrack.Server.exe". Beginning retry 6 in 1000ms. The process cannot access the file 'C:\Users\Adrian Vega\Documents\Repositories\finance-tracker\Fintrack.Server\bin\Debug\net8.0\Fintrack.Server.exe' because it is being used by another process. The file is locked by: "Fintrack.Server (5972)" [C:\Users\Adrian Vega\Documents\Repositories\finance-tracker\Fintrack.Server\Fintrack.Server.csproj]
C:\Program Files\dotnet\sdk\8.0.300\Microsoft.Common.CurrentVersion.targets(5270,5): warning MSB3026: Could not copy "C:\Users\Adrian Vega\Documents\Repositories\finance-tracker\Fintrack.Server\obj\Debug\net8.0\apphost.exe" to "bin\Debug\net8.0\Fintrack.Server.exe". Beginning retry 7 in 1000ms. The process cannot access the file 'C:\Users\Adrian Vega\Documents\Repositories\finance-tracker\Fintrack.Server\bin\Debug\net8.0\Fintrack.Server.exe' because it is being used by another process. The file is locked by: "Fintrack.Server (5972)" [C:\Users\Adrian Vega\Documents\Repositories\finance-tracker\Fintrack.Server\Fintrack.Server.csproj]
C:\Program Files\dotnet\sdk\8.0.300\Microsoft.Common.CurrentVersion.targets(5270,5): warning MSB3026: Could not copy "C:\Users\Adrian Vega\Documents\Repositories\finance-tracker\Fintrack.Server\obj\Debug\net8.0\apphost.exe" to "bin\Debug\net8.0\Fintrack.Server.exe". Beginning retry 8 in 1000ms. The process cannot access the file 'C:\Users\Adrian Vega\Documents\Repositories\finance-tracker\Fintrack.Server\bin\Debug\net8.0\Fintrack.Server.exe' because it is being used by another process. The file is locked by: "Fintrack.Server (5972)" [C:\Users\Adrian Vega\Documents\Repositories\finance-tracker\Fintrack.Server\Fintrack.Server.csproj]
C:\Program Files\dotnet\sdk\8.0.300\Microsoft.Common.CurrentVersion.targets(5270,5): warning MSB3026: Could not copy "C:\Users\Adrian Vega\Documents\Repositories\finance-tracker\Fintrack.Server\obj\Debug\net8.0\apphost.exe" to "bin\Debug\net8.0\Fintrack.Server.exe". Beginning retry 9 in 1000ms. The process cannot access the file 'C:\Users\Adrian Vega\Documents\Repositories\finance-tracker\Fintrack.Server\bin\Debug\net8.0\Fintrack.Server.exe' because it is being used by another process. The file is locked by: "Fintrack.Server (5972)" [C:\Users\Adrian Vega\Documents\Repositories\finance-tracker\Fintrack.Server\Fintrack.Server.csproj]
C:\Program Files\dotnet\sdk\8.0.300\Microsoft.Common.CurrentVersion.targets(5270,5): warning MSB3026: Could not copy "C:\Users\Adrian Vega\Documents\Repositories\finance-tracker\Fintrack.Server\obj\Debug\net8.0\apphost.exe" to "bin\Debug\net8.0\Fintrack.Server.exe". Beginning retry 10 in 1000ms. The process cannot access the file 'C:\Users\Adrian Vega\Documents\Repositories\finance-tracker\Fintrack.Server\bin\Debug\net8.0\Fintrack.Server.exe' because it is being used by another process. The file is locked by: "Fintrack.Server (5972)" [C:\Users\Adrian Vega\Documents\Repositories\finance-tracker\Fintrack.Server\Fintrack.Server.csproj]
C:\Program Files\dotnet\sdk\8.0.300\Microsoft.Common.CurrentVersion.targets(5270,5): error MSB3027: Could not copy "C:\Users\Adrian Vega\Documents\Repositories\finance-tracker\Fintrack.Server\obj\Debug\net8.0\apphost.exe" to "bin\Debug\net8.0\Fintrack.Server.exe". Exceeded retry count of 10. Failed. The file is locked by: "Fintrack.Server (5972)" [C:\Users\Adrian Vega\Documents\Repositories\finance-tracker\Fintrack.Server\Fintrack.Server.csproj]
C:\Program Files\dotnet\sdk\8.0.300\Microsoft.Common.CurrentVersion.targets(5270,5): error MSB3021: Unable to copy file "C:\Users\Adrian Vega\Documents\Repositories\finance-tracker\Fintrack.Server\obj\Debug\net8.0\apphost.exe" to "bin\Debug\net8.0\Fintrack.Server.exe". The process cannot access the file 'C:\Users\Adrian Vega\Documents\Repositories\finance-tracker\Fintrack.Server\bin\Debug\net8.0\Fintrack.Server.exe' because it is being used by another process. [C:\Users\Adrian Vega\Documents\Repositories\finance-tracker\Fintrack.Server\Fintrack.Server.csproj]

Build FAILED.

C:\Program Files\dotnet\sdk\8.0.300\Microsoft.Common.CurrentVersion.targets(5270,5): warning MSB3026: Could not copy "C:\Users\Adrian Vega\Documents\Repositories\finance-tracker\Fintrack.Server\obj\Debug\net8.0\apphost.exe" to "bin\Debug\net8.0\Fintrack.Server.exe". Beginning retry 1 in 1000ms. The process cannot access the file 'C:\Users\Adrian Vega\Documents\Repositories\finance-tracker\Fintrack.Server\bin\Debug\net8.0\Fintrack.Server.exe' because it is being used by another process. The file is locked by: "Fintrack.Server (5972)" [C:\Users\Adrian Vega\Documents\Repositories\finance-tracker\Fintrack.Server\Fintrack.Server.csproj]
C:\Program Files\dotnet\sdk\8.0.300\Microsoft.Common.CurrentVersion.targets(5270,5): warning MSB3026: Could not copy "C:\Users\Adrian Vega\Documents\Repositories\finance-tracker\Fintrack.Server\obj\Debug\net8.0\apphost.exe" to "bin\Debug\net8.0\Fintrack.Server.exe". Beginning retry 2 in 1000ms. The process cannot access the file 'C:\Users\Adrian Vega\Documents\Repositories\finance-tracker\Fintrack.Server\bin\Debug\net8.0\Fintrack.Server.exe' because it is being used by another process. The file is locked by: "Fintrack.Server (5972)" [C:\Users\Adrian Vega\Documents\Repositories\finance-tracker\Fintrack.Server\Fintrack.Server.csproj]
C:\Program Files\dotnet\sdk\8.0.300\Microsoft.Common.CurrentVersion.targets(5270,5): warning MSB3026: Could not copy "C:\Users\Adrian Vega\Documents\Repositories\finance-tracker\Fintrack.Server\obj\Debug\net8.0\apphost.exe" to "bin\Debug\net8.0\Fintrack.Server.exe". Beginning retry 3 in 1000ms. The process cannot access the file 'C:\Users\Adrian Vega\Documents\Repositories\finance-tracker\Fintrack.Server\bin\Debug\net8.0\Fintrack.Server.exe' because it is being used by another process. The file is locked by: "Fintrack.Server (5972)" [C:\Users\Adrian Vega\Documents\Repositories\finance-tracker\Fintrack.Server\Fintrack.Server.csproj]
C:\Program Files\dotnet\sdk\8.0.300\Microsoft.Common.CurrentVersion.targets(5270,5): warning MSB3026: Could not copy "C:\Users\Adrian Vega\Documents\Repositories\finance-tracker\Fintrack.Server\obj\Debug\net8.0\apphost.exe" to "bin\Debug\net8.0\Fintrack.Server.exe". Beginning retry 4 in 1000ms. The process cannot access the file 'C:\Users\Adrian Vega\Documents\Repositories\finance-tracker\Fintrack.Server\bin\Debug\net8.0\Fintrack.Server.exe' because it is being used by another process. The file is locked by: "Fintrack.Server (5972)" [C:\Users\Adrian Vega\Documents\Repositories\finance-tracker\Fintrack.Server\Fintrack.Server.csproj]
C:\Program Files\dotnet\sdk\8.0.300\Microsoft.Common.CurrentVersion.targets(5270,5): warning MSB3026: Could not copy "C:\Users\Adrian Vega\Documents\Repositories\finance-tracker\Fintrack.Server\obj\Debug\net8.0\apphost.exe" to "bin\Debug\net8.0\Fintrack.Server.exe". Beginning retry 5 in 1000ms. The process cannot access the file 'C:\Users\Adrian Vega\Documents\Repositories\finance-tracker\Fintrack.Server\bin\Debug\net8.0\Fintrack.Server.exe' because it is being used by another process. The file is locked by: "Fintrack.Server (5972)" [C:\Users\Adrian Vega\Documents\Repositories\finance-tracker\Fintrack.Server\Fintrack.Server.csproj]
C:\Program Files\dotnet\sdk\8.0.300\Microsoft.Common.CurrentVersion.targets(5270,5): warning MSB3026: Could not copy "C:\Users\Adrian Vega\Documents\Repositories\finance-tracker\Fintrack.Server\obj\Debug\net8.0\apphost.exe" to "bin\Debug\net8.0\Fintrack.Server.exe". Beginning retry 6 in 1000ms. The process cannot access the file 'C:\Users\Adrian Vega\Documents\Repositories\finance-tracker\Fintrack.Server\bin\Debug\net8.0\Fintrack.Server.exe' because it is being used by another process. The file is locked by: "Fintrack.Server (5972)" [C:\Users\Adrian Vega\Documents\Repositories\finance-tracker\Fintrack.Server\Fintrack.Server.csproj]
C:\Program Files\dotnet\sdk\8.0.300\Microsoft.Common.CurrentVersion.targets(5270,5): warning MSB3026: Could not copy "C:\Users\Adrian Vega\Documents\Repositories\finance-tracker\Fintrack.Server\obj\Debug\net8.0\apphost.exe" to "bin\Debug\net8.0\Fintrack.Server.exe". Beginning retry 7 in 1000ms. The process cannot access the file 'C:\Users\Adrian Vega\Documents\Repositories\finance-tracker\Fintrack.Server\bin\Debug\net8.0\Fintrack.Server.exe' because it is being used by another process. The file is locked by: "Fintrack.Server (5972)" [C:\Users\Adrian Vega\Documents\Repositories\finance-tracker\Fintrack.Server\Fintrack.Server.csproj]
C:\Program Files\dotnet\sdk\8.0.300\Microsoft.Common.CurrentVersion.targets(5270,5): warning MSB3026: Could not copy "C:\Users\Adrian Vega\Documents\Repositories\finance-tracker\Fintrack.Server\obj\Debug\net8.0\apphost.exe" to "bin\Debug\net8.0\Fintrack.Server.exe". Beginning retry 8 in 1000ms. The process cannot access the file 'C:\Users\Adrian Vega\Documents\Repositories\finance-tracker\Fintrack.Server\bin\Debug\net8.0\Fintrack.Server.exe' because it is being used by another process. The file is locked by: "Fintrack.Server (5972)" [C:\Users\Adrian Vega\Documents\Repositories\finance-tracker\Fintrack.Server\Fintrack.Server.csproj]
C:\Program Files\dotnet\sdk\8.0.300\Microsoft.Common.CurrentVersion.targets(5270,5): warning MSB3026: Could not copy "C:\Users\Adrian Vega\Documents\Repositories\finance-tracker\Fintrack.Server\obj\Debug\net8.0\apphost.exe" to "bin\Debug\net8.0\Fintrack.Server.exe". Beginning retry 9 in 1000ms. The process cannot access the file 'C:\Users\Adrian Vega\Documents\Repositories\finance-tracker\Fintrack.Server\bin\Debug\net8.0\Fintrack.Server.exe' because it is being used by another process. The file is locked by: "Fintrack.Server (5972)" [C:\Users\Adrian Vega\Documents\Repositories\finance-tracker\Fintrack.Server\Fintrack.Server.csproj]
C:\Program Files\dotnet\sdk\8.0.300\Microsoft.Common.CurrentVersion.targets(5270,5): warning MSB3026: Could not copy "C:\Users\Adrian Vega\Documents\Repositories\finance-tracker\Fintrack.Server\obj\Debug\net8.0\apphost.exe" to "bin\Debug\net8.0\Fintrack.Server.exe". Beginning retry 10 in 1000ms. The process cannot access the file 'C:\Users\Adrian Vega\Documents\Repositories\finance-tracker\Fintrack.Server\bin\Debug\net8.0\Fintrack.Server.exe' because it is being used by another process. The file is locked by: "Fintrack.Server (5972)" [C:\Users\Adrian Vega\Documents\Repositories\finance-tracker\Fintrack.Server\Fintrack.Server.csproj]
C:\Program Files\dotnet\sdk\8.0.300\Microsoft.Common.CurrentVersion.targets(5270,5): error MSB3027: Could not copy "C:\Users\Adrian Vega\Documents\Repositories\finance-tracker\Fintrack.Server\obj\Debug\net8.0\apphost.exe" to "bin\Debug\net8.0\Fintrack.Server.exe". Exceeded retry count of 10. Failed. The file is locked by: "Fintrack.Server (5972)" [C:\Users\Adrian Vega\Documents\Repositories\finance-tracker\Fintrack.Server\Fintrack.Server.csproj]
C:\Program Files\dotnet\sdk\8.0.300\Microsoft.Common.CurrentVersion.targets(5270,5): error MSB3021: Unable to copy file "C:\Users\Adrian Vega\Documents\Repositories\finance-tracker\Fintrack.Server\obj\Debug\net8.0\apphost.exe" to "bin\Debug\net8.0\Fintrack.Server.exe". The process cannot access the file 'C:\Users\Adrian Vega\Documents\Repositories\finance-tracker\Fintrack.Server\bin\Debug\net8.0\Fintrack.Server.exe' because it is being used by another process. [C:\Users\Adrian Vega\Documents\Repositories\finance-tracker\Fintrack.Server\Fintrack.Server.csproj]
    10 Warning(s)
    2 Error(s)

Time Elapsed 00:00:16.42
