  Determining projects to restore...
  All projects are up-to-date for restore.
  Fintrack.Server -> C:\Users\Adrian Vega\Documents\Repositories\finance-tracker\Fintrack.Server\bin\Debug\net8.0\Fintrack.Server.dll
C:\Users\Adrian Vega\Documents\Repositories\finance-tracker\Fintrack.Tests\Infrastructure\BackgroundJobs\RecurringTransactionProcessorJobTests.cs(42,39): warning CS8602: Dereference of a possibly null reference. [C:\Users\Adrian Vega\Documents\Repositories\finance-tracker\Fintrack.Tests\Fintrack.Tests.csproj]
C:\Users\Adrian Vega\Documents\Repositories\finance-tracker\Fintrack.Tests\Infrastructure\BackgroundJobs\RecurringTransactionProcessorJobTests.cs(42,29): warning CS8605: Unboxing a possibly null value. [C:\Users\Adrian Vega\Documents\Repositories\finance-tracker\Fintrack.Tests\Fintrack.Tests.csproj]
C:\Users\Adrian Vega\Documents\Repositories\finance-tracker\Fintrack.Tests\Infrastructure\BackgroundJobs\RecurringTransactionProcessorJobTests.cs(49,35): warning CS8605: Unboxing a possibly null value. [C:\Users\Adrian Vega\Documents\Repositories\finance-tracker\Fintrack.Tests\Fintrack.Tests.csproj]
C:\Users\Adrian Vega\Documents\Repositories\finance-tracker\Fintrack.Tests\Application\Budgets\Queries\GetBudgetsQueryHandlerTests.cs(70,29): error CS0103: The name 'Models' does not exist in the current context [C:\Users\Adrian Vega\Documents\Repositories\finance-tracker\Fintrack.Tests\Fintrack.Tests.csproj]
C:\Users\Adrian Vega\Documents\Repositories\finance-tracker\Fintrack.Tests\Infrastructure\BackgroundJobs\RecurringTransactionProcessorJobTests.cs(92,30): warning CS8602: Dereference of a possibly null reference. [C:\Users\Adrian Vega\Documents\Repositories\finance-tracker\Fintrack.Tests\Fintrack.Tests.csproj]
C:\Users\Adrian Vega\Documents\Repositories\finance-tracker\Fintrack.Tests\Infrastructure\BackgroundJobs\RecurringTransactionProcessorJobTests.cs(92,24): warning CS8600: Converting null literal or possible null value to non-nullable type. [C:\Users\Adrian Vega\Documents\Repositories\finance-tracker\Fintrack.Tests\Fintrack.Tests.csproj]
C:\Users\Adrian Vega\Documents\Repositories\finance-tracker\Fintrack.Tests\Infrastructure\BackgroundJobs\RecurringTransactionProcessorJobTests.cs(93,19): warning CS8602: Dereference of a possibly null reference. [C:\Users\Adrian Vega\Documents\Repositories\finance-tracker\Fintrack.Tests\Fintrack.Tests.csproj]
